
> avinash@0.1.0 build
> react-scripts build

Creating an optimized production build...

Treating warnings as errors because process.env.CI = true.
Most CI servers set it automatically.

Failed to compile.

[eslint] 
src\components\Cursor.js
  Line 8:11:  'theme' is assigned a value but never used  no-unused-vars


